<!DOCTYPE html>
<html lang="en">
    <head>
        <meta charset="utf-8">
        <title>This is a Test File</title>
    </head>
    <body>
        <div class="foo">
            <ul class="heading-items">
                <li class="heading-item-small">Heading 1</li>
                <li class="heading-item-small">Heading 2</li>
                <li class="heading-item-small">Heading 4</li>
                <li class="heading-item-small">Heading 3</li>
            </ul>
        </div>
        <!-- This is a comment -->
        <div class="foo">
            <form name="my-form" class="form-inline">
                <input type="text" name="one" />
                <input type="number" name="two" />
                <div contenteditable="true" class="foo"></div>
                <textarea name="three"></textarea>

                <button type="button" name="button" ng-click="save()"></button>
            </form>
        </div>

        <img src="/path/to/a/resource.png" alt="Hello" />

        <angular-directive angular-directive-options="{{ foo.bar.baz }}"></angular-directive>

        <div>
            <span class="text-left">Author: <small>Some Guy</small></span>
        </div>
    </body>
</html>
